2026-09-28 21:44:07,728 [INFO] Activator:176 - 


2026-09-28 21:44:07,729 [INFO] Activator:177 - !SESSION log4j initialized
2026-09-28 21:44:09,747 [INFO] LogOutputStream:77 - [STDOUT_REDIRECT] 
2026-09-28 21:44:11,113 [INFO] ApplicationProperties:184 - Using Application install path: C:\ST\STM32CubeIDE_1.16.0\STM32CubeIDE\plugins\com.st.stm32cube.common.mx_6.12.0.202406281431
2026-09-28 21:44:11,124 [INFO] DbMcusXml:78 - Set database path to: C:\ST\STM32CubeIDE_1.16.0\STM32CubeIDE\plugins\com.st.stm32cube.common.mx_6.12.0.202406281431\\db\/mcu/
2026-09-28 21:44:11,124 [INFO] ApiDb:274 - Set plugin database path to: C:\ST\STM32CubeIDE_1.16.0\STM32CubeIDE\plugins\com.st.stm32cube.common.mx_6.12.0.202406281431\\db\/plugins/boardmanager/
2026-09-28 21:44:11,125 [WARN] ApiDb:259 - Overriding images path with different value:  => C:\ST\STM32CubeIDE_1.16.0\STM32CubeIDE\plugins\com.st.stm32cube.common.mx_6.12.0.202406281431\\db\/plugins/mcufinder/images/
2026-09-28 21:44:11,129 [INFO] ApiDb:250 - Set database path to: C:\Users\seung\.stmcufinder\plugins\mcufinder//mcu/
2026-09-28 21:44:11,130 [INFO] DbMcusAds:125 - Set database path to: C:\Users\seung\.stmcufinder\plugins\mcufinder//mcu/
2026-09-28 21:44:11,131 [INFO] CrossReferenceDbSqlite:203 - Set database path to: C:\Users\seung\.stmcufinder\plugins\mcufinder//mcu/cs/
2026-09-28 21:44:11,199 [INFO] RulesReader:64 - Compatibility file has been processed (297 Rules)
2026-09-28 21:44:11,246 [INFO] DbMcusXml:78 - Set database path to: C:\ST\STM32CubeIDE_1.16.0\STM32CubeIDE\plugins\com.st.stm32cube.common.mx_6.12.0.202406281431\\db\/mcu/
2026-09-28 21:44:11,246 [INFO] ApiDb:274 - Set plugin database path to: C:\ST\STM32CubeIDE_1.16.0\STM32CubeIDE\plugins\com.st.stm32cube.common.mx_6.12.0.202406281431\\db\/plugins/boardmanager/
2026-09-28 21:44:11,246 [INFO] ApiDb:261 - Set plugin images path to: C:\ST\STM32CubeIDE_1.16.0\STM32CubeIDE\plugins\com.st.stm32cube.common.mx_6.12.0.202406281431\\db\/plugins/mcufinder/images/
2026-09-28 21:44:11,246 [WARN] DbFile:41 - Overriding database path with different value: C:\Users\seung\.stmcufinder\plugins\mcufinder/ => C:\Users\seung\.stmcufinder\plugins\mcufinder
2026-09-28 21:44:11,246 [INFO] ApiDb:250 - Set database path to: C:\Users\seung\.stmcufinder\plugins\mcufinder//mcu/
2026-09-28 21:44:11,246 [WARN] DbFile:41 - Overriding database path with different value: C:\Users\seung\.stmcufinder\plugins\mcufinder/ => C:\Users\seung\.stmcufinder\plugins\mcufinder
2026-09-28 21:44:11,246 [INFO] DbMcusAds:125 - Set database path to: C:\Users\seung\.stmcufinder\plugins\mcufinder//mcu/
2026-09-28 21:44:11,246 [WARN] DbFile:41 - Overriding database path with different value: C:\Users\seung\.stmcufinder\plugins\mcufinder/ => C:\Users\seung\.stmcufinder\plugins\mcufinder
2026-09-28 21:44:11,246 [WARN] DbFile:41 - Overriding database path with different value: C:\Users\seung\.stmcufinder\plugins\mcufinder/ => C:\Users\seung\.stmcufinder\plugins\mcufinder
2026-09-28 21:44:11,246 [INFO] CrossReferenceDbSqlite:203 - Set database path to: C:\Users\seung\.stmcufinder\plugins\mcufinder//mcu/cs/
2026-09-28 21:44:11,295 [INFO] MainPanel:268 - HeapMemory: 268435456
2026-09-28 21:44:11,342 [INFO] DbMcusXml:78 - Set database path to: C:\ST\STM32CubeIDE_1.16.0\STM32CubeIDE\plugins\com.st.stm32cube.common.mx_6.12.0.202406281431\\db\/mcu/
2026-09-28 21:44:11,342 [INFO] ApiDb:274 - Set plugin database path to: C:\ST\STM32CubeIDE_1.16.0\STM32CubeIDE\plugins\com.st.stm32cube.common.mx_6.12.0.202406281431\\db\/plugins/boardmanager/
2026-09-28 21:44:11,342 [INFO] ApiDb:261 - Set plugin images path to: C:\ST\STM32CubeIDE_1.16.0\STM32CubeIDE\plugins\com.st.stm32cube.common.mx_6.12.0.202406281431\\db\/plugins/mcufinder/images/
2026-09-28 21:44:11,343 [WARN] DbFile:41 - Overriding database path with different value: C:\Users\seung\.stmcufinder\plugins\mcufinder/ => C:\Users\seung\.stmcufinder\plugins\mcufinder
2026-09-28 21:44:11,343 [INFO] ApiDb:250 - Set database path to: C:\Users\seung\.stmcufinder\plugins\mcufinder//mcu/
2026-09-28 21:44:11,343 [WARN] DbFile:41 - Overriding database path with different value: C:\Users\seung\.stmcufinder\plugins\mcufinder/ => C:\Users\seung\.stmcufinder\plugins\mcufinder
2026-09-28 21:44:11,343 [INFO] DbMcusAds:125 - Set database path to: C:\Users\seung\.stmcufinder\plugins\mcufinder//mcu/
2026-09-28 21:44:11,343 [WARN] DbFile:41 - Overriding database path with different value: C:\Users\seung\.stmcufinder\plugins\mcufinder/ => C:\Users\seung\.stmcufinder\plugins\mcufinder
2026-09-28 21:44:11,343 [WARN] DbFile:41 - Overriding database path with different value: C:\Users\seung\.stmcufinder\plugins\mcufinder/ => C:\Users\seung\.stmcufinder\plugins\mcufinder
2026-09-28 21:44:11,343 [INFO] CrossReferenceDbSqlite:203 - Set database path to: C:\Users\seung\.stmcufinder\plugins\mcufinder//mcu/cs/
2026-09-28 21:44:11,356 [INFO] ApplicationProperties:184 - Using Application install path: C:\ST\STM32CubeIDE_1.16.0\STM32CubeIDE\plugins\com.st.stm32cube.common.mx_6.12.0.202406281431
2026-09-28 21:44:11,357 [INFO] PluginManage:196 - Search for loadable plugins [exclusion list=, ]
2026-09-28 21:44:11,358 [INFO] PluginManage:310 - Check plugin analytics
2026-09-28 21:44:11,482 [INFO] AnalyticsPlugin:253 - Accepted Software Licenses: 
2026-09-28 21:44:11,482 [INFO] AnalyticsPlugin:255 - Accepted CMSIS Pack Licenses: 
2026-09-28 21:44:11,482 [INFO] AnalyticsPlugin:257 - Accepted Firmware Licenses: FW.F7.1.17.0
2026-09-28 21:44:11,484 [INFO] PluginManage:359 - Loaded plugin analytics (category:tool,tabindex:-1)
2026-09-28 21:44:11,485 [INFO] PluginManage:310 - Check plugin cadmodel
2026-09-28 21:44:11,487 [INFO] CADModel:105 - Init CAD model plugin
2026-09-28 21:44:11,488 [INFO] PluginManage:359 - Loaded plugin cadmodel (category:power,tabindex:5)
2026-09-28 21:44:11,488 [INFO] PluginManage:310 - Check plugin clock
2026-09-28 21:44:11,495 [INFO] PluginManage:359 - Loaded plugin clock (category:base,tabindex:2)
2026-09-28 21:44:11,496 [INFO] PluginManage:310 - Check plugin ddr
2026-09-28 21:44:11,497 [INFO] PluginManage:359 - Loaded plugin ddr (category:tool,tabindex:6)
2026-09-28 21:44:11,497 [INFO] PluginManage:310 - Check plugin filemanager
2026-09-28 21:44:11,635 [INFO] PluginManage:359 - Loaded plugin filemanager (category:base,tabindex:10)
2026-09-28 21:44:11,635 [INFO] PluginManage:310 - Check plugin ipmanager
2026-09-28 21:44:11,647 [INFO] PluginManage:359 - Loaded plugin ipmanager (category:base,tabindex:5)
2026-09-28 21:44:11,647 [INFO] PluginManage:310 - Check plugin lpbam
2026-09-28 21:44:11,657 [INFO] PluginManage:359 - Loaded plugin lpbam (category:base,tabindex:0)
2026-09-28 21:44:11,658 [INFO] PluginManage:310 - Check plugin memorymap
2026-09-28 21:44:11,668 [INFO] PluginManage:359 - Loaded plugin memorymap (category:base,tabindex:4)
2026-09-28 21:44:11,669 [INFO] PluginManage:310 - Check plugin pinoutandconfiguration
2026-09-28 21:44:11,675 [INFO] PluginManage:359 - Loaded plugin pinoutandconfiguration (category:base,tabindex:1)
2026-09-28 21:44:11,675 [INFO] PluginManage:310 - Check plugin pinoutconfig
2026-09-28 21:44:11,742 [WARN] SupportedApi:132 - Cannot load RTOS API schema: s4s-elt-must-match.1: The content of 'definitions' must match (annotation?, (simpleType | complexType)?, (unique | key | keyref)*)). A problem was found starting at: attribute.
2026-09-28 21:44:11,820 [INFO] PluginManage:359 - Loaded plugin pinoutconfig (category:base,tabindex:0)
2026-09-28 21:44:11,821 [INFO] PluginManage:310 - Check plugin power
2026-09-28 21:44:11,826 [INFO] PluginManage:359 - Loaded plugin power (category:power,tabindex:4)
2026-09-28 21:44:11,827 [INFO] PluginManage:310 - Check plugin projectmanager
2026-09-28 21:44:11,837 [INFO] PluginManage:359 - Loaded plugin projectmanager (category:projectmanager,tabindex:4)
2026-09-28 21:44:11,838 [INFO] PluginManage:310 - Check plugin rif
2026-09-28 21:44:11,841 [INFO] PluginManage:359 - Loaded plugin rif (category:base,tabindex:3)
2026-09-28 21:44:11,841 [INFO] PluginManage:310 - Check plugin thirdparty
2026-09-28 21:44:11,922 [INFO] PluginManage:359 - Loaded plugin thirdparty (category:base,tabindex:-1)
2026-09-28 21:44:11,923 [INFO] PluginManage:310 - Check plugin tools
2026-09-28 21:44:11,923 [WARN] IntegrityCheckThread:84 - waiting for thirdparty lock release [integrity check]
2026-09-28 21:44:11,923 [INFO] IntegrityCheckThread:86 - entering critical section [integrity check]
2026-09-28 21:44:11,923 [INFO] ThirdPartyUpdaterWithRetryManager:70 - Updater plugin not ready yet. [1/15]
2026-09-28 21:44:11,924 [INFO] PluginManage:359 - Loaded plugin tools (category:base,tabindex:7)
2026-09-28 21:44:11,924 [INFO] PluginManage:310 - Check plugin tutovideos
2026-09-28 21:44:12,032 [INFO] PluginManage:359 - Loaded plugin tutovideos (category:base,tabindex:-1)
2026-09-28 21:44:12,032 [INFO] PluginManage:310 - Check plugin updater
2026-09-28 21:44:12,043 [INFO] PluginManage:359 - Loaded plugin updater (category:base,tabindex:12)
2026-09-28 21:44:12,043 [INFO] PluginManage:310 - Check plugin userauth
2026-09-28 21:44:12,046 [INFO] UserAuth:113 - Init User Auth plugin
2026-09-28 21:44:12,046 [INFO] PluginManage:359 - Loaded plugin userauth (category:base,tabindex:14)
2026-09-28 21:44:12,047 [INFO] PluginManage:283 - PluginManage : Loaded plugins [18]
2026-09-28 21:44:12,177 [INFO] PinOutPanel:1561 - setPackage(No Configuration,No Configuration)
2026-09-28 21:44:12,236 [INFO] CADModel:165 - CPN selected for project level
2026-09-28 21:44:12,236 [INFO] CADModel:114 - Register for checkConnection events
2026-09-28 21:44:12,247 [INFO] IPUIPlugin:80 - create IPUIPlugin
2026-09-28 21:44:12,247 [INFO] PluginManager:220 - loadIPPluginJar : add adc
2026-09-28 21:44:12,249 [INFO] IPUIPlugin:80 - create IPUIPlugin
2026-09-28 21:44:12,249 [INFO] PluginManager:220 - loadIPPluginJar : add aes
2026-09-28 21:44:12,250 [INFO] IPUIPlugin:80 - create IPUIPlugin
2026-09-28 21:44:12,250 [INFO] PluginManager:220 - loadIPPluginJar : add can
2026-09-28 21:44:12,251 [INFO] IPUIPlugin:80 - create IPUIPlugin
2026-09-28 21:44:12,251 [INFO] PluginManager:220 - loadIPPluginJar : add comp
2026-09-28 21:44:12,252 [INFO] IPUIPlugin:80 - create IPUIPlugin
2026-09-28 21:44:12,252 [INFO] PluginManager:220 - loadIPPluginJar : add cryp
2026-09-28 21:44:12,254 [INFO] IPUIPlugin:80 - create IPUIPlugin
2026-09-28 21:44:12,254 [INFO] PluginManager:220 - loadIPPluginJar : add ddr_ctrl_phy
2026-09-28 21:44:12,255 [INFO] IPUIPlugin:80 - create IPUIPlugin
2026-09-28 21:44:12,255 [INFO] PluginManager:220 - loadIPPluginJar : add dfsdm
2026-09-28 21:44:12,258 [INFO] IPUIPlugin:80 - create IPUIPlugin
2026-09-28 21:44:12,258 [INFO] PluginManager:220 - loadIPPluginJar : add dma
2026-09-28 21:44:12,259 [INFO] IPUIPlugin:80 - create IPUIPlugin
2026-09-28 21:44:12,259 [INFO] PluginManager:220 - loadIPPluginJar : add dma3
2026-09-28 21:44:12,261 [INFO] IPUIPlugin:80 - create IPUIPlugin
2026-09-28 21:44:12,261 [INFO] PluginManager:220 - loadIPPluginJar : add extmemmanager
2026-09-28 21:44:12,262 [INFO] IPUIPlugin:80 - create IPUIPlugin
2026-09-28 21:44:12,262 [INFO] PluginManager:220 - loadIPPluginJar : add fatfs
2026-09-28 21:44:12,264 [INFO] IPUIPlugin:80 - create IPUIPlugin
2026-09-28 21:44:12,264 [INFO] PluginManager:220 - loadIPPluginJar : add fmc
2026-09-28 21:44:12,267 [INFO] IPUIPlugin:80 - create IPUIPlugin
2026-09-28 21:44:12,267 [INFO] PluginManager:220 - loadIPPluginJar : add freertos
2026-09-28 21:44:12,268 [INFO] IPUIPlugin:80 - create IPUIPlugin
2026-09-28 21:44:12,268 [INFO] PluginManager:220 - loadIPPluginJar : add genericplugin
2026-09-28 21:44:12,269 [INFO] IPUIPlugin:80 - create IPUIPlugin
2026-09-28 21:44:12,269 [INFO] PluginManager:220 - loadIPPluginJar : add gfxmmu
2026-09-28 21:44:12,272 [INFO] IPUIPlugin:80 - create IPUIPlugin
2026-09-28 21:44:12,273 [INFO] PluginManager:220 - loadIPPluginJar : add gic
2026-09-28 21:44:12,274 [INFO] IPUIPlugin:80 - create IPUIPlugin
2026-09-28 21:44:12,275 [INFO] PluginManager:220 - loadIPPluginJar : add gpio
2026-09-28 21:44:12,276 [INFO] IPUIPlugin:80 - create IPUIPlugin
2026-09-28 21:44:12,276 [INFO] PluginManager:220 - loadIPPluginJar : add gtzc
2026-09-28 21:44:12,277 [INFO] IPUIPlugin:80 - create IPUIPlugin
2026-09-28 21:44:12,277 [INFO] PluginManager:220 - loadIPPluginJar : add hash
2026-09-28 21:44:12,279 [INFO] IPUIPlugin:80 - create IPUIPlugin
2026-09-28 21:44:12,279 [INFO] PluginManager:220 - loadIPPluginJar : add i2c
2026-09-28 21:44:12,280 [INFO] IPUIPlugin:80 - create IPUIPlugin
2026-09-28 21:44:12,280 [INFO] PluginManager:220 - loadIPPluginJar : add i2s
2026-09-28 21:44:12,281 [INFO] IPUIPlugin:80 - create IPUIPlugin
2026-09-28 21:44:12,281 [INFO] PluginManager:220 - loadIPPluginJar : add i3c
2026-09-28 21:44:12,283 [INFO] IPUIPlugin:80 - create IPUIPlugin
2026-09-28 21:44:12,283 [INFO] PluginManager:220 - loadIPPluginJar : add ipddr
2026-09-28 21:44:12,287 [INFO] IPUIPlugin:80 - create IPUIPlugin
2026-09-28 21:44:12,287 [INFO] PluginManager:220 - loadIPPluginJar : add linkedlist
2026-09-28 21:44:12,289 [INFO] IPUIPlugin:80 - create IPUIPlugin
2026-09-28 21:44:12,289 [INFO] PluginManager:220 - loadIPPluginJar : add lorawan
2026-09-28 21:44:12,289 [INFO] IPUIPlugin:80 - create IPUIPlugin
2026-09-28 21:44:12,289 [INFO] PluginManager:220 - loadIPPluginJar : add ltdc
2026-09-28 21:44:12,292 [INFO] IPUIPlugin:80 - create IPUIPlugin
2026-09-28 21:44:12,292 [INFO] PluginManager:220 - loadIPPluginJar : add mdma
2026-09-28 21:44:12,294 [INFO] IPUIPlugin:80 - create IPUIPlugin
2026-09-28 21:44:12,294 [INFO] PluginManager:220 - loadIPPluginJar : add nvic
2026-09-28 21:44:12,296 [INFO] IPUIPlugin:80 - create IPUIPlugin
2026-09-28 21:44:12,296 [INFO] PluginManager:220 - loadIPPluginJar : add opamp
2026-09-28 21:44:12,297 [INFO] IPUIPlugin:80 - create IPUIPlugin
2026-09-28 21:44:12,298 [INFO] PluginManager:220 - loadIPPluginJar : add openamp
2026-09-28 21:44:12,299 [INFO] IPUIPlugin:80 - create IPUIPlugin
2026-09-28 21:44:12,299 [INFO] PluginManager:220 - loadIPPluginJar : add pdm2pcm
2026-09-28 21:44:12,302 [INFO] IPUIPlugin:80 - create IPUIPlugin
2026-09-28 21:44:12,304 [INFO] PluginManager:220 - loadIPPluginJar : add plateformsettings
2026-09-28 21:44:12,305 [INFO] IPUIPlugin:80 - create IPUIPlugin
2026-09-28 21:44:12,305 [INFO] PluginManager:220 - loadIPPluginJar : add quadspi
2026-09-28 21:44:12,306 [INFO] IPUIPlugin:80 - create IPUIPlugin
2026-09-28 21:44:12,306 [INFO] PluginManager:220 - loadIPPluginJar : add radio
2026-09-28 21:44:12,308 [INFO] IPUIPlugin:80 - create IPUIPlugin
2026-09-28 21:44:12,309 [INFO] PluginManager:220 - loadIPPluginJar : add resmgrutility
2026-09-28 21:44:12,311 [INFO] IPUIPlugin:80 - create IPUIPlugin
2026-09-28 21:44:12,311 [INFO] PluginManager:220 - loadIPPluginJar : add sai
2026-09-28 21:44:12,313 [INFO] IPUIPlugin:80 - create IPUIPlugin
2026-09-28 21:44:12,313 [INFO] PluginManager:220 - loadIPPluginJar : add spi
2026-09-28 21:44:12,318 [INFO] IPUIPlugin:80 - create IPUIPlugin
2026-09-28 21:44:12,318 [INFO] PluginManager:220 - loadIPPluginJar : add stm32_wpan
2026-09-28 21:44:12,319 [INFO] IPUIPlugin:80 - create IPUIPlugin
2026-09-28 21:44:12,319 [INFO] PluginManager:220 - loadIPPluginJar : add tim
2026-09-28 21:44:12,322 [INFO] IPUIPlugin:80 - create IPUIPlugin
2026-09-28 21:44:12,322 [INFO] PluginManager:220 - loadIPPluginJar : add touchsensing
2026-09-28 21:44:12,324 [INFO] IPUIPlugin:80 - create IPUIPlugin
2026-09-28 21:44:12,324 [INFO] PluginManager:220 - loadIPPluginJar : add tracer_emb
2026-09-28 21:44:12,325 [INFO] IPUIPlugin:80 - create IPUIPlugin
2026-09-28 21:44:12,325 [INFO] PluginManager:220 - loadIPPluginJar : add ts
2026-09-28 21:44:12,327 [INFO] IPUIPlugin:80 - create IPUIPlugin
2026-09-28 21:44:12,327 [INFO] PluginManager:220 - loadIPPluginJar : add tsc
2026-09-28 21:44:12,328 [INFO] IPUIPlugin:80 - create IPUIPlugin
2026-09-28 21:44:12,328 [INFO] PluginManager:220 - loadIPPluginJar : add ucpd
2026-09-28 21:44:12,330 [INFO] IPUIPlugin:80 - create IPUIPlugin
2026-09-28 21:44:12,330 [INFO] PluginManager:220 - loadIPPluginJar : add usart
2026-09-28 21:44:12,332 [INFO] IPUIPlugin:80 - create IPUIPlugin
2026-09-28 21:44:12,332 [INFO] PluginManager:220 - loadIPPluginJar : add usbx
2026-09-28 21:44:12,439 [INFO] CADModel:165 - CPN selected for project level
2026-09-28 21:44:12,439 [INFO] CADModel:114 - Register for checkConnection events
2026-09-28 21:44:12,439 [FATAL] Updater:334 - Updater called before beeing initialized
2026-09-28 21:44:12,439 [ERROR] CADModel:125 - Updater not yet initialized, retry later 
2026-09-28 21:44:12,511 [INFO] CADModel:165 - CPN selected for project level
2026-09-28 21:44:12,512 [INFO] CADModel:114 - Register for checkConnection events
2026-09-28 21:44:12,512 [FATAL] Updater:334 - Updater called before beeing initialized
2026-09-28 21:44:12,512 [ERROR] CADModel:125 - Updater not yet initialized, retry later 
2026-09-28 21:44:12,514 [FATAL] Updater:334 - Updater called before beeing initialized
2026-09-28 21:44:12,589 [FATAL] Updater:334 - Updater called before beeing initialized
2026-09-28 21:44:12,591 [INFO] DbMcusAds:53 - JSON generation date=Wed Jul 15 18:44:54 KST 2026 (1784108694001)
2026-09-28 21:44:12,592 [FATAL] Updater:334 - Updater called before beeing initialized
2026-09-28 21:44:12,613 [WARN] DetailPanel:346 - Failed to get advertising image, set to default
2026-09-28 21:44:12,694 [FATAL] Updater:334 - Updater called before beeing initialized
2026-09-28 21:44:12,696 [FATAL] Updater:334 - Updater called before beeing initialized
2026-09-28 21:44:12,696 [FATAL] Updater:334 - Updater called before beeing initialized
2026-09-28 21:44:12,696 [WARN] DetailPanel:346 - Failed to get advertising image, set to default
2026-09-28 21:44:12,696 [FATAL] Updater:334 - Updater called before beeing initialized
2026-09-28 21:44:12,725 [ERROR] Updater:1164 - MainUpdater not yet initialized. External WinMGr cannot be set.
2026-09-28 21:44:12,726 [INFO] Updater:1100 - Updater Version found : 6.12.0
2026-09-28 21:44:12,739 [INFO] ApplicationProperties:184 - Using Application install path: C:\ST\STM32CubeIDE_1.16.0\STM32CubeIDE\plugins\com.st.stm32cube.common.mx_6.12.0.202406281431
2026-09-28 21:44:14,306 [ERROR] LogOutputStream:75 - [STDERR_REDIRECT] Sep 28, 2026 9:44:14 PM java.util.prefs.WindowsPreferences <init>
2026-09-28 21:44:14,307 [ERROR] LogOutputStream:75 - [STDERR_REDIRECT] WARNING: Could not open/create prefs root node Software\JavaSoft\Prefs at root 0xffffffff80000002. Windows RegCreateKeyEx(...) returned error code 5.
2026-09-28 21:44:14,307 [ERROR] LogOutputStream:75 - [STDERR_REDIRECT] 
2026-09-28 21:44:14,618 [INFO] MainUpdater:2873 - connection check result : 10
2026-09-28 21:44:14,619 [INFO] MainUpdater:290 - Updater Check For Update Now.
2026-09-28 21:44:14,619 [INFO] MicroXplorer:498 - Change Database Version : DB.6.0.120
2026-09-28 21:44:14,622 [INFO] McuFinderGlobals:63 - Set McuFinder mode to 2 (CubeIDE integrated)
2026-09-28 21:44:14,623 [INFO] UserAuth:417 - Internet connection configuration mode: 1
2026-09-28 21:44:14,633 [INFO] JxBrowserEngine:152 - Initiate JxBrowser Engine with user profile folder
2026-09-28 21:44:14,777 [INFO] CheckServerUpdateThread:120 - End of CheckServer Thread
2026-09-28 21:44:15,082 [INFO] WebApp:167 - Instantiating new browser for Auth
2026-09-28 21:44:15,199 [WARN] PackLoader:240 - Cannot read IP mode file for STMicroelectronics.X-CUBE-AZRTOS-H7.3.5.0
2026-09-28 21:44:15,207 [WARN] PackLoader:240 - Cannot read IP mode file for STMicroelectronics.FP-SNS-MOTENVWB1.1.4.0
2026-09-28 21:44:15,212 [WARN] PackLoader:240 - Cannot read IP mode file for STMicroelectronics.FP-ATR-ASTRA1.2.0.3
2026-09-28 21:44:15,215 [WARN] PackLoader:240 - Cannot read IP mode file for STMicroelectronics.FP-ATR-ASTRA1.2.0.2
2026-09-28 21:44:15,219 [ERROR] Engine:466 - C:\Users\seung\.stm32cubemx\thirdparties\pdsc\STMicroelectronics.X-CUBE-SMBUS.2.1.1.pdsc: PDSC version is not supported
2026-09-28 21:44:15,222 [WARN] PackLoader:240 - Cannot read IP mode file for STMicroelectronics.X-CUBE-SMBUS.2.1.0
2026-09-28 21:44:15,224 [ERROR] Engine:466 - C:\Users\seung\.stm32cubemx\thirdparties\pdsc\STMicroelectronics.X-CUBE-ST60.1.0.0.pdsc: PDSC version is not supported
2026-09-28 21:44:15,238 [WARN] PackLoader:240 - Cannot read IP mode file for STMicroelectronics.X-CUBE-AZRTOS-F7.1.1.0
2026-09-28 21:44:15,242 [ERROR] Engine:466 - C:\Users\seung\.stm32cubemx\thirdparties\pdsc\STMicroelectronics.X-CUBE-FREERTOS.1.6.0.pdsc: PDSC version is not supported
2026-09-28 21:44:15,244 [ERROR] Engine:466 - C:\Users\seung\.stm32cubemx\thirdparties\pdsc\STMicroelectronics.FP-SNS-MOTENV1.5.1.0.pdsc: PDSC version is not supported
2026-09-28 21:44:15,261 [WARN] PackLoader:240 - Cannot read IP mode file for STMicroelectronics.X-CUBE-AZRTOS-H7RS.1.3.0
2026-09-28 21:44:15,280 [WARN] PackLoader:240 - Cannot read IP mode file for Infineon.AIROC-Wi-Fi-Bluetooth-STM32.1.7.0
2026-09-28 21:44:15,294 [WARN] PackLoader:240 - Cannot read IP mode file for STMicroelectronics.X-CUBE-AZRTOS-H7.3.4.0
2026-09-28 21:44:15,300 [WARN] PackLoader:240 - Cannot read IP mode file for STMicroelectronics.X-CUBE-DISPLAY.3.0.0
2026-09-28 21:44:15,312 [WARN] PackLoader:240 - Cannot read IP mode file for STMicroelectronics.X-CUBE-GNSS1.7.1.1
2026-09-28 21:44:15,316 [ERROR] Engine:466 - C:\Users\seung\.stm32cubemx\thirdparties\pdsc\STMicroelectronics.FP-SNS-MOTENVWB1.1.5.0.pdsc: PDSC version is not supported
2026-09-28 21:44:15,321 [WARN] PackLoader:240 - Cannot read IP mode file for STMicroelectronics.X-CUBE-NFC10.1.0.0
2026-09-28 21:44:15,331 [WARN] PackLoader:240 - Cannot read IP mode file for STMicroelectronics.X-CUBE-BLEMGR.4.0.0
2026-09-28 21:44:15,337 [ERROR] Engine:466 - C:\Users\seung\.stm32cubemx\thirdparties\pdsc\STMicroelectronics.X-CUBE-ST60.1.1.0.pdsc: PDSC version is not supported
2026-09-28 21:44:15,342 [WARN] PackLoader:240 - Cannot read IP mode file for emotas.I-CUBE-CANOPEN.1.3.0
2026-09-28 21:44:15,345 [ERROR] Engine:466 - C:\Users\seung\.stm32cubemx\thirdparties\pdsc\STMicroelectronics.X-CUBE-WBA.1.1.0.pdsc: PDSC version is not supported
2026-09-28 21:44:15,348 [WARN] PackLoader:240 - Cannot read IP mode file for STMicroelectronics.X-CUBE-GNSS1.7.1.0
2026-09-28 21:44:15,354 [WARN] ConditionMgr:438 - getConditionDescription Invalid condition id : Cortex-A Device cause : null
2026-09-28 21:44:15,366 [WARN] ConditionMgr:1039 - genDependencies : Invalid condition id : Cortex-A Device cause : null
2026-09-28 21:44:15,366 [WARN] ConditionMgr:1039 - genDependencies : Invalid condition id : Cortex-A Device cause : null
2026-09-28 21:44:15,366 [WARN] ConditionMgr:1039 - genDependencies : Invalid condition id : Cortex-A Device cause : null
2026-09-28 21:44:15,371 [WARN] PackLoader:240 - Cannot read IP mode file for STMicroelectronics.X-CUBE-AI.10.0.0
2026-09-28 21:44:15,373 [ERROR] Engine:466 - C:\Users\seung\.stm32cubemx\thirdparties\pdsc\STMicroelectronics.FP-SNS-STBOX1.2.1.0.pdsc: PDSC version is not supported
2026-09-28 21:44:15,377 [WARN] PackLoader:240 - Cannot read IP mode file for STMicroelectronics.FP-SNS-SMARTAG2.1.2.0
2026-09-28 21:44:15,382 [INFO] LogOutputStream:77 - [STDOUT_REDIRECT] 1 : Invalid condition id : UX_CORESTACK_Condition cause : null
2026-09-28 21:44:15,382 [INFO] LogOutputStream:77 - [STDOUT_REDIRECT] 1 : Invalid condition id : UX_CORESTACK_Condition cause : null
2026-09-28 21:44:15,383 [INFO] LogOutputStream:77 - [STDOUT_REDIRECT] 1 : Invalid condition id : UX_CORESTACK_Condition cause : null
2026-09-28 21:44:15,384 [INFO] LogOutputStream:77 - [STDOUT_REDIRECT] 1 : Invalid condition id : UX_CORESTACK_Condition cause : null
2026-09-28 21:44:15,384 [INFO] LogOutputStream:77 - [STDOUT_REDIRECT] 1 : Invalid condition id : UX_CORESTACK_Condition cause : null
2026-09-28 21:44:15,386 [WARN] PackLoader:240 - Cannot read IP mode file for STMicroelectronics.X-CUBE-AZRTOS-WL.2.0.0
2026-09-28 21:44:15,390 [WARN] PackLoader:240 - Cannot read IP mode file for STMicroelectronics.FP-SNS-MOTENV1.5.0.0
2026-09-28 21:44:15,399 [WARN] PackLoader:240 - Cannot read IP mode file for STMicroelectronics.X-CUBE-AZRTOS-H7RS.1.2.0
2026-09-28 21:44:15,407 [WARN] PackLoader:240 - Cannot read IP mode file for WES.I-CUBE-Cesium.1.3.0
2026-09-28 21:44:15,411 [WARN] PackLoader:240 - Cannot read IP mode file for STMicroelectronics.X-CUBE-BLE2.3.3.0
2026-09-28 21:44:15,413 [ERROR] Engine:466 - C:\Users\seung\.stm32cubemx\thirdparties\pdsc\Avnet-IOTCONNECT.X-CUBE-iotc-st67-sdk.1.0.0.pdsc: PDSC version is not supported
2026-09-28 21:44:15,416 [WARN] PackLoader:240 - Cannot read IP mode file for STMicroelectronics.X-CUBE-NFC9.1.0.0
2026-09-28 21:44:15,420 [WARN] PackLoader:240 - Cannot read IP mode file for wolfSSL.I-CUBE-wolfSSL.5.8.0
2026-09-28 21:44:15,423 [WARN] PackLoader:240 - Cannot read IP mode file for STMicroelectronics.X-CUBE-BLE1.7.1.0
2026-09-28 21:44:15,426 [WARN] PackLoader:240 - Cannot read IP mode file for wolfSSL.I-CUBE-wolfMQTT.1.19.2
2026-09-28 21:44:15,427 [ERROR] Engine:466 - C:\Users\seung\.stm32cubemx\thirdparties\pdsc\STMicroelectronics.X-CUBE-FREERTOS.1.4.0.pdsc: PDSC version is not supported
2026-09-28 21:44:15,430 [WARN] PackLoader:240 - Cannot read IP mode file for STMicroelectronics.X-CUBE-EEPRMA1.5.2.0
2026-09-28 21:44:15,433 [ERROR] Engine:466 - C:\Users\seung\.stm32cubemx\thirdparties\pdsc\STMicroelectronics.X-CUBE-ST67W61.1.1.0.pdsc: PDSC version is not supported
2026-09-28 21:44:15,434 [WARN] PackLoader:240 - Cannot read IP mode file for STMicroelectronics.X-CUBE-AI.10.1.0
2026-09-28 21:44:15,436 [ERROR] Engine:466 - C:\Users\seung\.stm32cubemx\thirdparties\pdsc\STMicroelectronics.FP-SNS-STAIOTCFT.1.1.0.pdsc: PDSC version is not supported
2026-09-28 21:44:15,454 [WARN] PackLoader:240 - Cannot read IP mode file for STMicroelectronics.X-CUBE-MEMS1.12.0.0
2026-09-28 21:44:15,524 [WARN] PackLoader:240 - Cannot read IP mode file for STMicroelectronics.X-CUBE-AZRTOS-G0.1.1.0
2026-09-28 21:44:15,530 [WARN] PackLoader:240 - Cannot read IP mode file for STMicroelectronics.X-CUBE-SAFEA1.1.2.2
2026-09-28 21:44:15,536 [WARN] PackLoader:240 - Cannot read IP mode file for STMicroelectronics.X-CUBE-NFC4.3.0.0
2026-09-28 21:44:15,544 [WARN] PackLoader:240 - Cannot read IP mode file for EmbeddedOffice.I-CUBE-FS-RTOS.1.0.1
2026-09-28 21:44:15,545 [ERROR] ConditionMgr:805 - Attr not supported : Dmpu
2026-09-28 21:44:15,545 [ERROR] ConditionMgr:805 - Attr not supported : Dmpu
2026-09-28 21:44:15,545 [ERROR] ConditionMgr:805 - Attr not supported : Dmpu
2026-09-28 21:44:15,545 [ERROR] ConditionMgr:805 - Attr not supported : Dmpu
2026-09-28 21:44:15,545 [ERROR] ConditionMgr:805 - Attr not supported : Dmpu
2026-09-28 21:44:15,545 [ERROR] ConditionMgr:805 - Attr not supported : Dmpu
2026-09-28 21:44:15,545 [ERROR] ConditionMgr:805 - Attr not supported : Dmpu
2026-09-28 21:44:15,545 [ERROR] ConditionMgr:805 - Attr not supported : Dmpu
2026-09-28 21:44:15,545 [ERROR] ConditionMgr:805 - Attr not supported : Dmpu
2026-09-28 21:44:15,545 [ERROR] ConditionMgr:805 - Attr not supported : Dmpu
2026-09-28 21:44:15,545 [ERROR] ConditionMgr:805 - Attr not supported : Dmpu
2026-09-28 21:44:15,545 [ERROR] ConditionMgr:805 - Attr not supported : Dmpu
2026-09-28 21:44:15,545 [ERROR] ConditionMgr:805 - Attr not supported : Dmpu
2026-09-28 21:44:15,545 [ERROR] ConditionMgr:805 - Attr not supported : Dmpu
2026-09-28 21:44:15,545 [ERROR] ConditionMgr:805 - Attr not supported : Dmpu
2026-09-28 21:44:15,546 [ERROR] ConditionMgr:805 - Attr not supported : Dmpu
2026-09-28 21:44:15,546 [ERROR] ConditionMgr:805 - Attr not supported : Dmpu
2026-09-28 21:44:15,546 [ERROR] ConditionMgr:805 - Attr not supported : Dmpu
2026-09-28 21:44:15,546 [ERROR] ConditionMgr:805 - Attr not supported : Dmpu
2026-09-28 21:44:15,546 [ERROR] ConditionMgr:805 - Attr not supported : Dmpu
2026-09-28 21:44:15,546 [ERROR] ConditionMgr:805 - Attr not supported : Dmpu
2026-09-28 21:44:15,546 [ERROR] ConditionMgr:805 - Attr not supported : Dmpu
2026-09-28 21:44:15,546 [ERROR] ConditionMgr:805 - Attr not supported : Dmpu
2026-09-28 21:44:15,546 [ERROR] ConditionMgr:805 - Attr not supported : Dmpu
2026-09-28 21:44:15,546 [ERROR] ConditionMgr:805 - Attr not supported : Dmpu
2026-09-28 21:44:15,546 [ERROR] ConditionMgr:805 - Attr not supported : Dmpu
2026-09-28 21:44:15,546 [ERROR] ConditionMgr:805 - Attr not supported : Dmpu
2026-09-28 21:44:15,546 [ERROR] ConditionMgr:805 - Attr not supported : Dmpu
2026-09-28 21:44:15,546 [ERROR] ConditionMgr:805 - Attr not supported : Dmpu
2026-09-28 21:44:15,546 [ERROR] ConditionMgr:805 - Attr not supported : Dmpu
2026-09-28 21:44:15,546 [ERROR] ConditionMgr:805 - Attr not supported : Dmpu
2026-09-28 21:44:15,546 [ERROR] ConditionMgr:805 - Attr not supported : Dmpu
2026-09-28 21:44:15,546 [ERROR] ConditionMgr:805 - Attr not supported : Dmpu
2026-09-28 21:44:15,546 [ERROR] ConditionMgr:805 - Attr not supported : Dmpu
2026-09-28 21:44:15,546 [ERROR] ConditionMgr:805 - Attr not supported : Dmpu
2026-09-28 21:44:15,546 [ERROR] ConditionMgr:805 - Attr not supported : Dmpu
2026-09-28 21:44:15,546 [ERROR] ConditionMgr:805 - Attr not supported : Dmpu
2026-09-28 21:44:15,546 [ERROR] ConditionMgr:805 - Attr not supported : Dmpu
2026-09-28 21:44:15,547 [ERROR] ConditionMgr:805 - Attr not supported : Dmpu
2026-09-28 21:44:15,547 [ERROR] ConditionMgr:805 - Attr not supported : Dmpu
2026-09-28 21:44:15,547 [ERROR] ConditionMgr:805 - Attr not supported : Dmpu
2026-09-28 21:44:15,547 [ERROR] ConditionMgr:805 - Attr not supported : Dmpu
2026-09-28 21:44:15,547 [ERROR] ConditionMgr:805 - Attr not supported : Dmpu
2026-09-28 21:44:15,547 [ERROR] ConditionMgr:805 - Attr not supported : Dmpu
2026-09-28 21:44:15,547 [ERROR] ConditionMgr:805 - Attr not supported : Dmpu
2026-09-28 21:44:15,547 [ERROR] ConditionMgr:805 - Attr not supported : Dmpu
2026-09-28 21:44:15,547 [ERROR] ConditionMgr:805 - Attr not supported : Dmpu
2026-09-28 21:44:15,547 [ERROR] ConditionMgr:805 - Attr not supported : Dmpu
2026-09-28 21:44:15,547 [ERROR] ConditionMgr:805 - Attr not supported : Dmpu
2026-09-28 21:44:15,548 [ERROR] ConditionMgr:805 - Attr not supported : Dmpu
2026-09-28 21:44:15,548 [ERROR] ConditionMgr:805 - Attr not supported : Dmpu
2026-09-28 21:44:15,548 [ERROR] ConditionMgr:805 - Attr not supported : Dmpu
2026-09-28 21:44:15,548 [ERROR] ConditionMgr:805 - Attr not supported : Dmpu
2026-09-28 21:44:15,548 [ERROR] ConditionMgr:805 - Attr not supported : Dmpu
2026-09-28 21:44:15,548 [ERROR] ConditionMgr:805 - Attr not supported : Dmpu
2026-09-28 21:44:15,548 [ERROR] ConditionMgr:805 - Attr not supported : Dmpu
2026-09-28 21:44:15,548 [ERROR] ConditionMgr:805 - Attr not supported : Dmpu
2026-09-28 21:44:15,548 [ERROR] ConditionMgr:805 - Attr not supported : Dmpu
2026-09-28 21:44:15,548 [ERROR] ConditionMgr:805 - Attr not supported : Dmpu
2026-09-28 21:44:15,548 [ERROR] ConditionMgr:805 - Attr not supported : Dmpu
2026-09-28 21:44:15,548 [ERROR] ConditionMgr:805 - Attr not supported : Dmpu
2026-09-28 21:44:15,548 [ERROR] ConditionMgr:805 - Attr not supported : Dmpu
2026-09-28 21:44:15,548 [ERROR] ConditionMgr:805 - Attr not supported : Dmpu
2026-09-28 21:44:15,548 [ERROR] ConditionMgr:805 - Attr not supported : Dmpu
2026-09-28 21:44:15,553 [WARN] PackLoader:240 - Cannot read IP mode file for STMicroelectronics.X-CUBE-WB05N.2.0.0
2026-09-28 21:44:15,557 [WARN] PackLoader:240 - Cannot read IP mode file for wolfSSL.I-CUBE-wolfTPM.3.8.0
2026-09-28 21:44:15,559 [ERROR] Engine:466 - C:\Users\seung\.stm32cubemx\thirdparties\pdsc\STMicroelectronics.X-CUBE-TCPP.4.2.0.pdsc: PDSC version is not supported
2026-09-28 21:44:15,562 [WARN] PackLoader:240 - Cannot read IP mode file for RealThread.X-CUBE-RT-Thread_Nano.4.1.1
2026-09-28 21:44:15,566 [WARN] PackLoader:240 - Cannot read IP mode file for STMicroelectronics.FP-ATR-SIGFOX1.3.2.0
2026-09-28 21:44:15,568 [WARN] PackLoader:240 - Cannot read IP mode file for STMicroelectronics.X-CUBE-EEPRMA1.5.1.0
2026-09-28 21:44:15,571 [ERROR] Engine:466 - C:\Users\seung\.stm32cubemx\thirdparties\pdsc\STMicroelectronics.X-CUBE-FREERTOS.1.5.0.pdsc: PDSC version is not supported
2026-09-28 21:44:15,574 [WARN] PackLoader:240 - Cannot read IP mode file for ITTIA_DB.I-CUBE-ITTIADB.8.9.0
2026-09-28 21:44:15,579 [WARN] PackLoader:240 - Cannot read IP mode file for STMicroelectronics.X-CUBE-NFC6.3.2.0
2026-09-28 21:44:15,581 [ERROR] Engine:466 - C:\Users\seung\.stm32cubemx\thirdparties\pdsc\STMicroelectronics.X-CUBE-ST67W61.1.0.0.pdsc: PDSC version is not supported
2026-09-28 21:44:15,583 [WARN] PackLoader:240 - Cannot read IP mode file for STMicroelectronics.X-CUBE-AI.10.2.1
2026-09-28 21:44:15,585 [WARN] PackLoader:240 - Cannot read IP mode file for STMicroelectronics.X-CUBE-AI.10.2.0
2026-09-28 21:44:15,601 [WARN] PackLoader:240 - Cannot read IP mode file for STMicroelectronics.X-CUBE-MEMS1.12.1.0
2026-09-28 21:44:15,665 [WARN] PackLoader:240 - Cannot read IP mode file for SEGGER.I-CUBE-embOS.1.3.1
2026-09-28 21:44:15,699 [WARN] PackLoader:240 - Cannot read IP mode file for STMicroelectronics.X-CUBE-ALGOBUILD.1.4.0
2026-09-28 21:44:15,731 [WARN] PackLoader:240 - Cannot read IP mode file for STMicroelectronics.X-CUBE-MEMS1.11.3.0
2026-09-28 21:44:15,800 [INFO] WebApp:448 - Apply proxy settings
2026-09-28 21:44:15,800 [INFO] WebApp:533 - Chromium requires no authentication
2026-09-28 21:44:15,806 [INFO] WebApp:476 - Direct internet connection detected
2026-09-28 21:44:15,813 [ERROR] Engine:466 - C:\Users\seung\.stm32cubemx\thirdparties\pdsc\STMicroelectronics.FP-SNS-STAIOTCFT.2.0.0.pdsc: PDSC version is not supported
2026-09-28 21:44:15,817 [WARN] PackLoader:240 - Cannot read IP mode file for STMicroelectronics.X-CUBE-NFC13.1.0.0
2026-09-28 21:44:15,821 [WARN] PackLoader:240 - Cannot read IP mode file for STMicroelectronics.X-CUBE-PM33A1.1.0.0
2026-09-28 21:44:15,824 [INFO] WebApp:869 - Register for checkConnection events
2026-09-28 21:44:15,824 [INFO] WebApp:448 - Apply proxy settings
2026-09-28 21:44:15,824 [INFO] WebApp:533 - Chromium requires no authentication
2026-09-28 21:44:15,824 [INFO] WebApp:476 - Direct internet connection detected
2026-09-28 21:44:15,829 [WARN] PackLoader:240 - Cannot read IP mode file for STMicroelectronics.X-CUBE-AZRTOS-F4.1.1.0
2026-09-28 21:44:15,834 [WARN] PackLoader:240 - Cannot read IP mode file for STMicroelectronics.X-CUBE-ISPU.2.1.0
2026-09-28 21:44:15,837 [ERROR] Engine:466 - C:\Users\seung\.stm32cubemx\thirdparties\pdsc\STMicroelectronics.X-CUBE-IPS.3.2.0.pdsc: PDSC version is not supported
2026-09-28 21:44:15,838 [ERROR] Engine:466 - C:\Users\seung\.stm32cubemx\thirdparties\pdsc\STMicroelectronics.eDS-WB_DPC_TT-BIDIR.2.1.1.pdsc: PDSC version is not supported
2026-09-28 21:44:15,841 [WARN] PackLoader:240 - Cannot read IP mode file for STMicroelectronics.X-CUBE-NFC12.1.0.0
2026-09-28 21:44:15,851 [WARN] PackLoader:240 - Cannot read IP mode file for STMicroelectronics.X-CUBE-AZRTOS-L5.2.0.0
2026-09-28 21:44:15,856 [WARN] PackLoader:240 - Cannot read IP mode file for STMicroelectronics.X-CUBE-NFC6.3.1.0
2026-09-28 21:44:15,860 [WARN] PackLoader:240 - Cannot read IP mode file for STMicroelectronics.X-CUBE-ALGOBUILD.1.5.0
2026-09-28 21:44:15,861 [ERROR] Engine:466 - C:\Users\seung\.stm32cubemx\thirdparties\pdsc\STMicroelectronics.eDS-WB_DPC_VIENNA.1.2.0.pdsc: PDSC version is not supported
2026-09-28 21:44:15,879 [WARN] PackLoader:240 - Cannot read IP mode file for STMicroelectronics.X-CUBE-MEMS1.13.0.0
2026-09-28 21:44:15,919 [ERROR] Engine:466 - C:\Users\seung\.stm32cubemx\thirdparties\pdsc\STMicroelectronics.eDS-WB_DPC_3PH2L-BIDIR.1.1.1.pdsc: PDSC version is not supported
2026-09-28 21:44:15,921 [ERROR] Engine:466 - C:\Users\seung\.stm32cubemx\thirdparties\pdsc\STMicroelectronics.X-CUBE-ST67W61.1.3.0.pdsc: PDSC version is not supported
2026-09-28 21:44:15,928 [WARN] PackLoader:240 - Cannot read IP mode file for STMicroelectronics.X-CUBE-FREERTOS.1.3.1
2026-09-28 21:44:15,932 [WARN] PackLoader:240 - Cannot read IP mode file for STMicroelectronics.X-CUBE-TOUCHGFX.4.26.0
2026-09-28 21:44:15,934 [WARN] PackLoader:240 - Cannot read IP mode file for STMicroelectronics.X-CUBE-TOUCHGFX.4.26.1
2026-09-28 21:44:15,936 [ERROR] Engine:466 - C:\Users\seung\.stm32cubemx\thirdparties\pdsc\STMicroelectronics.FP-SNS-STAIOTCFT.1.0.0.pdsc: PDSC version is not supported
2026-09-28 21:44:15,939 [WARN] PackLoader:240 - Cannot read IP mode file for STMicroelectronics.X-CUBE-DPower.1.3.0
2026-09-28 21:44:15,948 [WARN] ConditionMgr:438 - getConditionDescription Invalid condition id : LAN8742 Phy interface Condition cause : null
2026-09-28 21:44:15,948 [WARN] PackLoader:240 - Cannot read IP mode file for STMicroelectronics.X-CUBE-AZRTOS-L4.2.0.0
2026-09-28 21:44:15,949 [WARN] ConditionMgr:1039 - genDependencies : Invalid condition id : LAN8742 Phy interface Condition cause : null
2026-09-28 21:44:15,949 [WARN] ConditionMgr:1039 - genDependencies : Invalid condition id : LAN8742 Phy interface Condition cause : null
2026-09-28 21:44:15,949 [WARN] ConditionMgr:1039 - genDependencies : Invalid condition id : LAN8742 Phy interface Condition cause : null
2026-09-28 21:44:15,954 [WARN] PackLoader:240 - Cannot read IP mode file for STMicroelectronics.X-CUBE-SFXS2LP1.4.0.0
2026-09-28 21:44:15,957 [WARN] PackLoader:240 - Cannot read IP mode file for STMicroelectronics.X-CUBE-WB05N.2.1.0
2026-09-28 21:44:15,959 [ERROR] Engine:466 - C:\Users\seung\.stm32cubemx\thirdparties\pdsc\STMicroelectronics.X-CUBE-BLEMGR.4.1.0.pdsc: PDSC version is not supported
2026-09-28 21:44:15,965 [WARN] ConditionMgr:438 - getConditionDescription Invalid condition id : UX DEVICE CLASS RTOS Condition cause : null
2026-09-28 21:44:15,965 [WARN] ConditionMgr:438 - getConditionDescription Invalid condition id : UX DEVICE CLASS RTOS Condition cause : null
2026-09-28 21:44:15,966 [WARN] PackLoader:240 - Cannot read IP mode file for STMicroelectronics.X-CUBE-AZRTOS-WB.2.0.0
2026-09-28 21:44:15,966 [WARN] ConditionMgr:1039 - genDependencies : Invalid condition id : UX DEVICE CLASS RTOS Condition cause : null
2026-09-28 21:44:15,966 [WARN] ConditionMgr:1039 - genDependencies : Invalid condition id : UX DEVICE CLASS RTOS Condition cause : null
2026-09-28 21:44:15,966 [WARN] ConditionMgr:1039 - genDependencies : Invalid condition id : UX DEVICE CLASS RTOS Condition cause : null
2026-09-28 21:44:15,966 [WARN] ConditionMgr:1039 - genDependencies : Invalid condition id : UX DEVICE CLASS RTOS Condition cause : null
2026-09-28 21:44:15,966 [WARN] ConditionMgr:1039 - genDependencies : Invalid condition id : UX DEVICE CLASS RTOS Condition cause : null
2026-09-28 21:44:15,969 [WARN] PackLoader:240 - Cannot read IP mode file for STMicroelectronics.X-CUBE-GNSS1.7.0.1
2026-09-28 21:44:15,972 [WARN] PackLoader:240 - Cannot read IP mode file for STMicroelectronics.X-CUBE-TOUCHGFX.4.25.0
2026-09-28 21:44:15,976 [WARN] PackLoader:240 - Cannot read IP mode file for STMicroelectronics.FP-SNS-STBOX1.2.0.0
2026-09-28 21:44:15,979 [INFO] WebApp:220 - Starting web application
2026-09-28 21:44:15,979 [INFO] WebApp:578 - Web application path used C:\ST\STM32CubeIDE_1.16.0\STM32CubeIDE\plugins\com.st.stm32cube.common.mx_6.12.0.202406281431\db\plugins\mcufinder\reactClient1\index.html
2026-09-28 21:44:15,982 [WARN] PackLoader:240 - Cannot read IP mode file for STMicroelectronics.X-CUBE-STSE01.2.0.0
2026-09-28 21:44:15,993 [WARN] PackLoader:240 - Cannot read IP mode file for STMicroelectronics.X-CUBE-SUBG2.5.0.0
2026-09-28 21:44:16,005 [WARN] PackLoader:240 - Cannot read IP mode file for STMicroelectronics.X-CUBE-AZRTOS-H7RS.1.1.0
2026-09-28 21:44:16,010 [WARN] PackLoader:240 - Cannot read IP mode file for Cesanta.I-CUBE-Mongoose.7.13.0
2026-09-28 21:44:16,018 [WARN] PackLoader:240 - Cannot read IP mode file for STMicroelectronics.X-CUBE-AZRTOS-G4.2.0.0
2026-09-28 21:44:16,023 [WARN] PackLoader:240 - Cannot read IP mode file for wolfSSL.I-CUBE-wolfSSH.1.4.20
2026-09-28 21:44:16,027 [WARN] PackLoader:240 - Cannot read IP mode file for STMicroelectronics.X-CUBE-NFC7.2.0.0
2026-09-28 21:44:16,030 [ERROR] Engine:466 - C:\Users\seung\.stm32cubemx\thirdparties\pdsc\STMicroelectronics.X-CUBE-IPS.3.1.0.pdsc: PDSC version is not supported
2026-09-28 21:44:16,033 [ERROR] Engine:466 - C:\Users\seung\.stm32cubemx\thirdparties\pdsc\STMicroelectronics.X-CUBE-BLEMGR.4.2.0.pdsc: PDSC version is not supported
2026-09-28 21:44:16,036 [WARN] PackLoader:240 - Cannot read IP mode file for STMicroelectronics.X-CUBE-ALS.1.0.2
2026-09-28 21:44:16,040 [WARN] PackLoader:240 - Cannot read IP mode file for STMicroelectronics.X-CUBE-STSE01.1.0.0
2026-09-28 21:44:16,046 [WARN] PackLoader:240 - Cannot read IP mode file for portGmbH.I-Cube-SoM-uGOAL.1.1.0
2026-09-28 21:44:16,051 [INFO] UserAuth:417 - Internet connection configuration mode: 1
2026-09-28 21:44:16,051 [ERROR] Engine:466 - C:\Users\seung\.stm32cubemx\thirdparties\pdsc\STMicroelectronics.X-CUBE-TOF1.3.4.3.pdsc: PDSC version is not supported
2026-09-28 21:44:16,052 [INFO] ThirdParty:978 - Integrity check success = true
2026-09-28 21:44:16,052 [INFO] IntegrityCheckThread:100 - exiting critical section [integrity check]
2026-09-28 21:44:16,052 [INFO] IntegrityCheckThread:103 - End integrity checks thread
2026-09-28 21:44:16,127 [ERROR] LogOutputStream:75 - [STDERR_REDIRECT] [Fatal Error] :1:1: Premature end of file.
2026-09-28 21:44:16,128 [ERROR] LogOutputStream:75 - [STDERR_REDIRECT] 
2026-09-28 21:44:16,139 [INFO] WebApp:186 - Connection restablished
2026-09-28 21:44:17,106 [ERROR] LogOutputStream:75 - [STDERR_REDIRECT] [Fatal Error] :1:1: Premature end of file.
2026-09-28 21:44:17,106 [ERROR] LogOutputStream:75 - [STDERR_REDIRECT] 
2026-09-28 21:44:17,655 [ERROR] LogOutputStream:75 - [STDERR_REDIRECT] 
